[2025-11-13 21:27:10.795] [info] Using configuration file /home/arch/.config/waybar/config.jsonc
[2025-11-13 21:27:10.795] [info] Including resource file: ~/.config/waybar/modules/disk.jsonc
[2025-11-13 21:27:10.795] [info] Including resource file: ~/.config/waybar/modules/pulseaudio.jsonc
[2025-11-13 21:27:10.795] [info] Including resource file: ~/.config/waybar/modules/clock.jsonc
[2025-11-13 21:27:10.795] [info] Including resource file: ~/.config/waybar/modules/tray.jsonc
[2025-11-13 21:27:10.795] [info] Including resource file: ~/.config/waybar/modules/cpu.jsonc
[2025-11-13 21:27:10.795] [info] Including resource file: ~/.config/waybar/modules/memory.jsonc
[2025-11-13 21:27:10.795] [info] Including resource file: ~/.config/waybar/modules/custom/power.jsonc
[2025-11-13 21:27:10.796] [info] Unable to receive desktop appearance: GDBus.Error:org.freedesktop.DBus.Error.UnknownMethod: No such interface “org.freedesktop.portal.Settings” on object at path /org/freedesktop/portal/desktop
[2025-11-13 21:27:10.796] [info] Using CSS file /home/arch/.config/waybar/style.css
[2025-11-13 21:27:10.800] [info] Hyprland IPC starting
[2025-11-13 21:27:10.800] [info] Loading persistent workspaces from Hyprland workspace rules
[2025-11-13 21:27:10.801] [warning] 'swap-icon-label' must be a bool.
[2025-11-13 21:27:10.824] [info] Loading persistent workspaces from Hyprland workspace rules
[2025-11-13 21:27:10.826] [warning] 'swap-icon-label' must be a bool.
[2025-11-13 21:27:10.828] [info] Loading persistent workspaces from Hyprland workspace rules
[2025-11-13 21:27:10.828] [warning] 'swap-icon-label' must be a bool.

** (waybar:24395): WARNING **: 21:27:11.046: Status Notifier Item with bus name ':1.11' and object path '/org/ayatana/NotificationItem/nm_applet' is already registered
[2025-11-13 21:27:11.233] [info] Bar configured (width: 1920, height: 30) for output: HDMI-A-1
[2025-11-13 21:27:11.234] [info] Bar configured (width: 2560, height: 30) for output: DP-1
[2025-11-13 21:27:11.234] [info] Bar configured (width: 1360, height: 30) for output: DP-3
